../Core/Src/main.c:76:13:ADC1_PA4_Init_ByRegisters	1
../Core/Src/main.c:175:17:ADC1_ReadRaw	2
../Core/Src/main.c:210:17:ADC1_ReadMovingAverage	3
../Core/Src/main.c:273:13:TIM2_CH1_PA5_PWM_Init_ByRegisters	1
../Core/Src/main.c:407:13:PWM_SetDutyFromADC	2
../Core/Src/main.c:440:13:USART2_SendADC_PWM_Values	3
../Core/Src/main.c:499:5:main	2
../Core/Src/main.c:568:6:SystemClock_Config	3
../Core/Src/main.c:616:13:MX_USART2_UART_Init	2
../Core/Src/main.c:649:13:MX_GPIO_Init	1
../Core/Src/main.c:689:6:Error_Handler	1
