../Core/Src/main.c:76:13:ADC1_PA4_Init_ByRegisters	8	static
../Core/Src/main.c:175:17:ADC1_ReadRaw	4	static
../Core/Src/main.c:210:17:ADC1_ReadMovingAverage	16	static
../Core/Src/main.c:273:13:TIM2_CH1_PA5_PWM_Init_ByRegisters	4	static
../Core/Src/main.c:407:13:PWM_SetDutyFromADC	24	static
../Core/Src/main.c:440:13:USART2_SendADC_PWM_Values	192	static
../Core/Src/main.c:499:5:main	16	static
../Core/Src/main.c:568:6:SystemClock_Config	88	static
../Core/Src/main.c:616:13:MX_USART2_UART_Init	8	static
../Core/Src/main.c:649:13:MX_GPIO_Init	48	static
../Core/Src/main.c:689:6:Error_Handler	4	static,ignoring_inline_asm
