../Core/Src/fatfs_sd.c:18:13:SELECT	8	static
../Core/Src/fatfs_sd.c:24:13:DESELECT	8	static
../Core/Src/fatfs_sd.c:30:13:SPI_TxByte	16	static
../Core/Src/fatfs_sd.c:37:13:SPI_TxBuffer	16	static
../Core/Src/fatfs_sd.c:44:16:SPI_RxByte	24	static
../Core/Src/fatfs_sd.c:54:13:SPI_RxBytePtr	16	static
../Core/Src/fatfs_sd.c:62:16:SD_ReadyWait	16	static
../Core/Src/fatfs_sd.c:75:13:SD_PowerOn	24	static
../Core/Src/fatfs_sd.c:106:13:SD_PowerOff	4	static
../Core/Src/fatfs_sd.c:112:16:SD_CheckPower	4	static
../Core/Src/fatfs_sd.c:118:13:SD_RxDataBlock	24	static
../Core/Src/fatfs_sd.c:141:13:SD_TxDataBlock	24	static
../Core/Src/fatfs_sd.c:175:13:SD_SendCmd	24	static
../Core/Src/fatfs_sd.c:206:9:SD_disk_initialize	32	static
../Core/Src/fatfs_sd.c:291:9:SD_disk_status	16	static
../Core/Src/fatfs_sd.c:298:9:SD_disk_read	24	static
../Core/Src/fatfs_sd.c:340:9:SD_disk_write	24	static
../Core/Src/fatfs_sd.c:395:9:SD_disk_ioctl	56	static
