../Core/Src/main.c:77:13:HCSR04_DelayUs	24	static
../Core/Src/main.c:100:13:HCSR04_Trigger	8	static
../Core/Src/main.c:143:16:HCSR04_ReadDistance_IC	24	static
../Core/Src/main.c:213:6:HAL_TIM_IC_CaptureCallback	24	static
../Core/Src/main.c:292:13:USART2_SendDistance	176	static
../Core/Src/main.c:327:5:main	24	static
../Core/Src/main.c:408:6:SystemClock_Config	88	static
../Core/Src/main.c:456:13:MX_TIM1_Init	32	static
../Core/Src/main.c:505:13:MX_USART2_UART_Init	8	static
../Core/Src/main.c:538:13:MX_GPIO_Init	48	static
../Core/Src/main.c:578:6:Error_Handler	4	static,ignoring_inline_asm
