../Core/Src/main.c:96:13:PC_Print	16	static
../Core/Src/main.c:104:13:ESP_SendRaw	16	static
../Core/Src/main.c:112:13:ESP_SendAT	16	static
../Core/Src/main.c:118:13:TrimLine	24	static
../Core/Src/main.c:133:6:HAL_UARTEx_RxEventCallback	16	static
../Core/Src/main.c:171:13:ProcessPcCommand	16	static
../Core/Src/main.c:236:13:ProcessEspMessage	16	static
../Core/Src/main.c:260:13:ESP8266_HandleHttpRequest	32	static
../Core/Src/main.c:348:13:BuildHomePage	40	static
../Core/Src/main.c:390:13:ESP8266_SendHttpResponse	32	static
../Core/Src/main.c:455:13:ESP8266_ConfigSoftAP	8	static
../Core/Src/main.c:485:13:ESP8266_ServerOn	8	static
../Core/Src/main.c:506:13:ESP8266_ServerOff	8	static
../Core/Src/main.c:523:5:main	8	static
../Core/Src/main.c:600:6:SystemClock_Config	88	static
../Core/Src/main.c:648:13:MX_UART4_Init	8	static
../Core/Src/main.c:681:13:MX_USART2_UART_Init	8	static
../Core/Src/main.c:714:13:MX_GPIO_Init	48	static
../Core/Src/main.c:754:6:Error_Handler	4	static,ignoring_inline_asm
