../Core/Src/main.c:83:13:ADC1_PA4_Init_ByRegisters	8	static
../Core/Src/main.c:142:17:ADC1_ReadRaw	4	static
../Core/Src/main.c:160:17:ADC1_ReadMovingAverage	16	static
../Core/Src/main.c:204:13:TIM2_CH1_PA5_PWM_Init_ByRegisters	4	static
../Core/Src/main.c:290:13:PWM_SetDutyFromADC	24	static
../Core/Src/main.c:317:13:L298N_DirectionPins_Init_ByRegisters	8	static
../Core/Src/main.c:353:13:L298N_MotorForward	4	static
../Core/Src/main.c:366:13:L298N_MotorReverse	4	static
../Core/Src/main.c:379:13:L298N_MotorStop	4	static
../Core/Src/main.c:395:13:USART2_SendADC_PWM_Values	224	static
../Core/Src/main.c:440:5:main	16	static
../Core/Src/main.c:519:6:SystemClock_Config	88	static
../Core/Src/main.c:567:13:MX_USART2_UART_Init	8	static
../Core/Src/main.c:600:13:MX_GPIO_Init	48	static
../Core/Src/main.c:640:6:Error_Handler	4	static,ignoring_inline_asm
